[www.jbktutorials.com/corejava/introduction-to-java.html]
[backblue.gif]
[fade.gif]
[index.html]
[www.jbktutorials.com/images/jbktutorialslogo3square.png]
[www.jbktutorials.com/images/favicon/android-chrome-192x192.png]
[www.jbktutorials.com/images/favicon/apple-touch-icon.png]
[www.jbktutorials.com/vendor/bootstrap/css/bootstrap.min.css]
[www.jbktutorials.com/css/customcss.css]
[www.jbktutorials.com/vendor/fontawesome-free-5.0.13/web-fonts-with-css/css/fontawesome-all.min.css]
[www.jbktutorials.com/vendor/syntaxhighlighter/styles/a11y-light.css]
[www.jbktutorials.com/vendor/jquery-viewer-master/docs/css/viewer.css]
[www.jbktutorials.com/vendor/syntaxhighlighter/highlight.pack.js]
[www.jbktutorials.com/js/jquery.min.js]
[www.jbktutorials.com/vendor/clipboard/clipboard.min.js]
[www.jbktutorials.com/vendor/bootstrap/js/bootstrap.bundle.min.js]
[www.jbktutorials.com/vendor/jquery-viewer-master/docs/js/viewer.js]
[www.jbktutorials.com/vendor/jquery-viewer-master/docs/js/jquery-viewer.js]
[www.jbktutorials.com/vendor/jquery-viewer-master/docs/js/main.js]
[pagead2.googlesyndication.com/pagead/js/f.txt]
[www.jbktutorials.com/images/jbktutorialslogo3.png]
[cse.google.com/fd667.txt]
[platform-api.sharethis.com/js/sharethis.js]
[www.jbktutorials.com/css/sidebarcollapsecss.css]
[www.jbktutorials.com/corejava/java-language.html]
[www.jbktutorials.com/corejava/communication-between-two-classes-in-java.html]
[www.jbktutorials.com/corejava/package-in-java.html]
[www.jbktutorials.com/corejava/methods-variable-and-block-in-java.html]
[www.jbktutorials.com/corejava/encapsulation-in-java.html]
[www.jbktutorials.com/corejava/access-modifiers-in-java.html]
[www.jbktutorials.com/corejava/statickeyword-in-java.html]
[www.jbktutorials.com/corejava/final-keyword-in-java.html]
[www.jbktutorials.com/corejava/constructor-in-java.html]
[www.jbktutorials.com/corejava/inheritance-in-java.html]
[www.jbktutorials.com/corejava/super-and-this-keyword-in-java.html]
[www.jbktutorials.com/corejava/polymorphism-in-java.html]
[www.jbktutorials.com/corejava/abstraction-in-java.html]
[www.jbktutorials.com/corejava/garbage-collection-in-java.html]
[www.jbktutorials.com/corejava/input-and-output-streams-in-java.html]
[www.jbktutorials.com/corejava/collection-framework-in-java.html]
[www.jbktutorials.com/corejava/collection-revisited-in-java.html]
[www.jbktutorials.com/corejava/serialization-in-java.html]
[www.jbktutorials.com/corejava/exception-in-java.html]
[www.jbktutorials.com/corejava/arrays-in-java.html]
[www.jbktutorials.com/corejava/strings-in-java.html]
[www.jbktutorials.com/corejava/features-of-jdk-1.5-in-java.html]
[www.jbktutorials.com/corejava/features-of-jdk-1.6-in-java.html]
[www.jbktutorials.com/corejava/features-of-jdk-1.7-in-java.html]
[www.jbktutorials.com/corejava/features-of-jdk-1.8-in-java.html]
[www.jbktutorials.com/corejava/multithreading-in-java.html]
[www.jbktutorials.com/corejava/java-virtual-machine-memory-management.html]
[www.jbktutorials.com/corejava/jdbc-in-java.html]
[www.jbktutorials.com/corejava/introduction-to-java.html]
[www.jbktutorials.com/vendor/bootstrap/css/bootstrap.min.css]
[www.jbktutorials.com/corejava/database-in-java.html]
[www.jbktutorials.com/images/pointing-right.png]
[www.jbktutorials.com/css/images/logo/icon_bullet.png]
[www.jbktutorials.com/css/images/note.png]
[www.jbktutorials.com/css/images/topgreen.gif]
[www.jbktutorials.com/css/images/r.jpg]
[www.jbktutorials.com/css/images/arrowbullet.png]
[www.jbktutorials.com/css/search-white.png]
[www.jbktutorials.com/images/testnow.png]
[www.jbktutorials.com/images/edit20.png]
[www.jbktutorials.com/images/eye-black.png]
[www.jbktutorials.com/images/eye-close-black.png]
[www.jbktutorials.com/css/customcss.css]
[www.jbktutorials.com/vendor/fontawesome-free-5.0.13/web-fonts-with-css/css/fontawesome-all.min.css]
[www.jbktutorials.com/vendor/syntaxhighlighter/styles/a11y-light.css]
[www.jbktutorials.com/vendor/jquery-viewer-master/docs/css/viewer.css]
[www.jbktutorials.com/css/sidebarcollapsecss.css]
[www.jbktutorials.com/corejava/literals-in-java-language.html]
[www.jbktutorials.com/corejava/operators-in-java-language.html]
[www.jbktutorials.com/corejava/java-language.html]
[www.jbktutorials.com/corejava/communication-between-two-classes-in-java.html]
[www.jbktutorials.com/corejava/package-in-java.html]
[www.jbktutorials.com/corejava/methods-variable-and-block-in-java.html]
[www.jbktutorials.com/corejava/encapsulation-in-java.html]
[www.jbktutorials.com/corejava/access-modifiers-in-java.html]
[www.jbktutorials.com/corejava/statickeyword-in-java.html]
[www.jbktutorials.com/corejava/final-keyword-in-java.html]
[www.jbktutorials.com/corejava/control-statements-in-java-language.html]
[www.jbktutorials.com/corejava/constructor-in-java.html]
[www.jbktutorials.com/corejava/inheritance-in-java.html]
[www.jbktutorials.com/corejava/super-and-this-keyword-in-java.html]
[www.jbktutorials.com/corejava/polymorphism-in-java.html]
[www.jbktutorials.com/corejava/abstraction-in-java.html]
[www.jbktutorials.com/corejava/garbage-collection-in-java.html]
[www.jbktutorials.com/corejava/input-and-output-streams-in-java.html]
[www.jbktutorials.com/corejava/collection-framework-in-java.html]
[www.jbktutorials.com/corejava/collection-revisited-in-java.html]
[www.jbktutorials.com/corejava/serialization-in-java.html]
[www.jbktutorials.com/cdn-cgi/scripts/5c5dd728/cloudflare-static/email-decode.min.js]
[www.jbktutorials.com/corejava/exception-in-java.html]
[www.jbktutorials.com/corejava/annotations-in-java.html]
[www.jbktutorials.com/corejava/arrays-in-java.html]
[www.jbktutorials.com/corejava/strings-in-java.html]
[www.jbktutorials.com/corejava/features-of-jdk-1.5-in-java.html]
[www.jbktutorials.com/corejava/features-of-jdk-1.6-in-java.html]
[www.jbktutorials.com/corejava/features-of-jdk-1.7-in-java.html]
[www.jbktutorials.com/corejava/features-of-jdk-1.8-in-java.html]
[www.jbktutorials.com/corejava/multithreading-in-java.html]
[www.jbktutorials.com/corejava/java-virtual-machine-memory-management.html]
[www.jbktutorials.com/corejava/jdbc-in-java.html]
[www.jbktutorials.com/corejava/reflection-in-java.html]
[www.jbktutorials.com/corejava/database-sql-commands.html]
[www.jbktutorials.com/corejava/database-groupby-and-having-clause.html]
[www.jbktutorials.com/corejava/database-constraints.html]
[www.jbktutorials.com/corejava/database-joins.html]
[www.jbktutorials.com/corejava/database-sub-queries.html]
[www.jbktutorials.com/corejava/database-in-java.html]
[www.jbktutorials.com/images/pointing-right.html]
[www.jbktutorials.com/css/images/logo/icon_bullet.html]
[www.jbktutorials.com/css/images/note.html]
[www.jbktutorials.com/css/images/topgreen.html]
[www.jbktutorials.com/css/images/r.html]
[www.jbktutorials.com/css/images/arrowbullet.html]
[www.jbktutorials.com/css/search-white.html]
[www.jbktutorials.com/images/testnow.html]
[www.jbktutorials.com/images/edit20.html]
[www.jbktutorials.com/images/eye-black.html]
[www.jbktutorials.com/images/eye-close-black.html]
[p.typekit.net/pcb4f.css]
[www.jbktutorials.com/corejava/literals-in-java-language.html]
[www.jbktutorials.com/corejava/operators-in-java-language.html]
[www.jbktutorials.com/corejava/control-statements-in-java-language.html]
[www.jbktutorials.com/corejava/annotations-in-java.html]
[www.jbktutorials.com/corejava/reflection-in-java.html]
[www.jbktutorials.com/corejava/database-sql-commands.html]
[www.jbktutorials.com/corejava/database-groupby-and-having-clause.html]
[www.jbktutorials.com/corejava/database-constraints.html]
[www.jbktutorials.com/corejava/database-joins.html]
[www.jbktutorials.com/corejava/database-sub-queries.html]
[www.jbktutorials.com/corejava/database-views.html]
[www.jbktutorials.com/corejava/database-views.html]
[www.jbktutorials.com/corejava/database-pl-sql-concepts.html]
[www.jbktutorials.com/corejava/database-pl-sql-concepts.html]
